2025-03-09 15:42:46 Loading main app package /usr/lib/obsidian/obsidian.asar
2025-03-09 15:42:46 Checking for update using Github
2025-03-09 15:42:46 Success.
2025-03-09 15:42:46 Latest version is 1.8.9
2025-03-09 15:42:46 App is up to date.
2025-03-09 15:43:21 Loading main app package /usr/lib/obsidian/obsidian.asar
2025-03-09 15:43:21 Checking for update using Github
2025-03-09 15:43:21 Success.
2025-03-09 15:43:21 Latest version is 1.8.9
2025-03-09 15:43:21 App is up to date.
2025-03-09 15:47:59 Loading main app package /usr/lib/obsidian/obsidian.asar
2025-03-09 15:47:59 Checking for update using Github
2025-03-09 15:47:59 Success.
2025-03-09 15:47:59 Latest version is 1.8.9
2025-03-09 15:47:59 App is up to date.
2025-03-09 15:48:15 Loading main app package /usr/lib/obsidian/obsidian.asar
2025-03-09 15:48:15 Checking for update using Github
2025-03-09 15:48:15 Success.
2025-03-09 15:48:15 Latest version is 1.8.9
2025-03-09 15:48:15 App is up to date.
2025-03-09 15:55:12 Loading main app package /usr/lib/obsidian/obsidian.asar
2025-03-09 15:55:12 Checking for update using Github
2025-03-09 15:55:12 Success.
2025-03-09 15:55:12 Latest version is 1.8.9
2025-03-09 15:55:12 App is up to date.
2025-03-09 15:55:51 Loading main app package /usr/lib/obsidian/obsidian.asar
2025-03-09 15:55:52 Checking for update using Github
2025-03-09 15:55:52 Success.
2025-03-09 15:55:52 Latest version is 1.8.9
2025-03-09 15:55:52 App is up to date.
2025-03-09 16:09:39 Loading main app package /usr/lib/obsidian/obsidian.asar
2025-03-09 16:09:39 Checking for update using Github
2025-03-09 16:09:39 Success.
2025-03-09 16:09:39 Latest version is 1.8.9
2025-03-09 16:09:39 App is up to date.
2025-03-09 16:11:05 Loading main app package /usr/lib/obsidian/obsidian.asar
2025-03-09 16:11:05 Checking for update using Github
2025-03-09 16:11:05 Success.
2025-03-09 16:11:05 Latest version is 1.8.9
2025-03-09 16:11:05 App is up to date.
2025-03-09 16:15:26 Loading main app package /usr/lib/obsidian/obsidian.asar
2025-03-09 16:15:26 Checking for update using Github
2025-03-09 16:15:26 Success.
2025-03-09 16:15:26 Latest version is 1.8.9
2025-03-09 16:15:26 App is up to date.
2025-03-09 16:19:23 Loading main app package /usr/lib/obsidian/obsidian.asar
2025-03-09 16:19:23 Checking for update using Github
2025-03-09 16:19:23 Success.
2025-03-09 16:19:23 Latest version is 1.8.9
2025-03-09 16:19:23 App is up to date.
2025-03-09 16:19:50 Loading main app package /usr/lib/obsidian/obsidian.asar
2025-03-09 16:19:50 Checking for update using Github
2025-03-09 16:19:50 Success.
2025-03-09 16:19:50 Latest version is 1.8.9
2025-03-09 16:19:50 App is up to date.
2025-03-09 16:21:55 Loading main app package /usr/lib/obsidian/obsidian.asar
2025-03-09 16:21:55 Checking for update using Github
2025-03-09 16:21:55 Success.
2025-03-09 16:21:55 Latest version is 1.8.9
2025-03-09 16:21:55 App is up to date.
2025-03-09 17:21:55 Checking for update using Github
2025-03-09 17:21:55 Success.
2025-03-09 17:21:55 Latest version is 1.8.9
2025-03-09 17:21:55 App is up to date.
2025-03-09 18:21:55 Checking for update using Github
2025-03-09 18:21:55 Success.
2025-03-09 18:21:55 Latest version is 1.8.9
2025-03-09 18:21:55 App is up to date.
2025-03-10 17:12:19 Loading main app package /usr/lib/obsidian/obsidian.asar
2025-03-10 17:12:20 Checking for update using Github
2025-03-10 17:12:20 Success.
2025-03-10 17:12:20 Latest version is 1.8.9
2025-03-10 17:12:20 App is up to date.
2025-03-10 18:12:19 Checking for update using Github
2025-03-10 18:12:19 Success.
2025-03-10 18:12:19 Latest version is 1.8.9
2025-03-10 18:12:19 App is up to date.
2025-03-10 19:12:19 Checking for update using Github
2025-03-10 19:12:19 Success.
2025-03-10 19:12:19 Latest version is 1.8.9
2025-03-10 19:12:19 App is up to date.
2025-03-10 20:12:19 Checking for update using Github
2025-03-10 20:12:19 Success.
2025-03-10 20:12:19 Latest version is 1.8.9
2025-03-10 20:12:19 App is up to date.
2025-03-10 21:12:19 Checking for update using Github
2025-03-10 21:12:19 Success.
2025-03-10 21:12:19 Latest version is 1.8.9
2025-03-10 21:12:19 App is up to date.
2025-03-10 21:40:24 Loading main app package /usr/lib/obsidian/obsidian.asar
2025-03-10 21:40:24 Checking for update using Github
2025-03-10 21:40:24 Success.
2025-03-10 21:40:24 Latest version is 1.8.9
2025-03-10 21:40:24 App is up to date.
2025-03-12 16:31:53 Loading main app package /usr/lib/obsidian/obsidian.asar
2025-03-12 16:31:53 Checking for update using Github
2025-03-12 16:31:53 Success.
2025-03-12 16:31:53 Latest version is 1.8.9
2025-03-12 16:31:53 App is up to date.
2025-03-12 17:31:53 Checking for update using Github
2025-03-12 17:31:53 Success.
2025-03-12 17:31:53 Latest version is 1.8.9
2025-03-12 17:31:53 App is up to date.
2025-03-12 18:31:53 Checking for update using Github
2025-03-12 18:31:53 Success.
2025-03-12 18:31:53 Latest version is 1.8.9
2025-03-12 18:31:53 App is up to date.
2025-03-19 15:35:02 Loading main app package /usr/lib/obsidian/obsidian.asar
2025-03-19 15:35:02 Checking for update using Github
2025-03-19 15:35:02 Success.
2025-03-19 15:35:02 Latest version is 1.8.9
2025-03-19 15:35:02 App is up to date.
2025-03-19 16:35:02 Checking for update using Github
2025-03-19 16:35:02 Success.
2025-03-19 16:35:02 Latest version is 1.8.9
2025-03-19 16:35:02 App is up to date.
2025-03-19 19:32:55 Loading main app package /usr/lib/obsidian/obsidian.asar
2025-03-19 19:32:55 Checking for update using Github
2025-03-19 19:32:55 Success.
2025-03-19 19:32:55 Latest version is 1.8.9
2025-03-19 19:32:55 App is up to date.
2025-03-21 09:39:23 Loading main app package /usr/lib/obsidian/obsidian.asar
2025-03-21 09:39:23 Checking for update using Github
2025-03-21 09:39:24 Success.
2025-03-21 09:39:24 Latest version is 1.8.9
2025-03-21 09:39:24 App is up to date.
2025-03-21 10:39:24 Checking for update using Github
2025-03-21 10:39:24 Success.
2025-03-21 10:39:24 Latest version is 1.8.9
2025-03-21 10:39:24 App is up to date.
2025-03-21 11:39:24 Checking for update using Github
2025-03-21 11:39:24 Success.
2025-03-21 11:39:24 Latest version is 1.8.9
2025-03-21 11:39:24 App is up to date.
2025-03-21 12:39:24 Checking for update using Github
2025-03-21 12:39:24 Success.
2025-03-21 12:39:24 Latest version is 1.8.9
2025-03-21 12:39:24 App is up to date.
2025-03-21 13:39:24 Checking for update using Github
2025-03-21 13:39:24 Success.
2025-03-21 13:39:24 Latest version is 1.8.9
2025-03-21 13:39:24 App is up to date.
2025-03-21 14:39:24 Checking for update using Github
2025-03-21 14:39:24 Success.
2025-03-21 14:39:24 Latest version is 1.8.9
2025-03-21 14:39:24 App is up to date.
2025-03-22 10:22:54 Loading main app package /usr/lib/obsidian/obsidian.asar
2025-03-22 10:22:54 Checking for update using Github
2025-03-22 10:22:54 Success.
2025-03-22 10:22:54 Latest version is 1.8.9
2025-03-22 10:22:54 App is up to date.
2025-03-22 11:22:54 Checking for update using Github
2025-03-22 11:22:54 Success.
2025-03-22 11:22:54 Latest version is 1.8.9
2025-03-22 11:22:54 App is up to date.
2025-03-22 12:22:54 Checking for update using Github
2025-03-22 12:22:54 Success.
2025-03-22 12:22:54 Latest version is 1.8.9
2025-03-22 12:22:54 App is up to date.
2025-03-22 13:22:54 Checking for update using Github
2025-03-22 13:22:54 Success.
2025-03-22 13:22:54 Latest version is 1.8.9
2025-03-22 13:22:54 App is up to date.
2025-03-22 14:22:54 Checking for update using Github
2025-03-22 14:22:54 Success.
2025-03-22 14:22:54 Latest version is 1.8.9
2025-03-22 14:22:54 App is up to date.
2025-03-23 14:39:28 Loading main app package /usr/lib/obsidian/obsidian.asar
2025-03-23 14:39:28 Checking for update using Github
2025-03-23 14:39:28 Success.
2025-03-23 14:39:28 Latest version is 1.8.9
2025-03-23 14:39:28 App is up to date.
2025-03-23 15:39:28 Checking for update using Github
2025-03-23 15:39:28 Success.
2025-03-23 15:39:28 Latest version is 1.8.9
2025-03-23 15:39:28 App is up to date.
2025-03-23 16:39:28 Checking for update using Github
2025-03-23 16:39:28 Success.
2025-03-23 16:39:28 Latest version is 1.8.9
2025-03-23 16:39:28 App is up to date.
2025-03-23 17:50:23 Loading main app package /usr/lib/obsidian/obsidian.asar
2025-03-23 17:50:23 Checking for update using Github
2025-03-23 17:50:23 Success.
2025-03-23 17:50:23 Latest version is 1.8.9
2025-03-23 17:50:23 App is up to date.
2025-03-24 10:39:04 Loading main app package /usr/lib/obsidian/obsidian.asar
2025-03-24 10:39:05 Checking for update using Github
2025-03-24 10:39:05 Success.
2025-03-24 10:39:05 Latest version is 1.8.9
2025-03-24 10:39:05 App is up to date.
2025-03-24 11:39:04 Checking for update using Github
2025-03-24 11:39:04 Success.
2025-03-24 11:39:04 Latest version is 1.8.9
2025-03-24 11:39:04 App is up to date.
2025-03-24 15:39:20 Loading main app package /usr/lib/obsidian/obsidian.asar
2025-03-24 15:39:20 Checking for update using Github
2025-03-24 15:39:21 Success.
2025-03-24 15:39:21 Latest version is 1.8.9
2025-03-24 15:39:21 App is up to date.
2025-03-26 19:45:35 Loading main app package /usr/lib/obsidian/obsidian.asar
2025-03-26 19:45:35 Checking for update using Github
2025-03-26 19:45:35 Success.
2025-03-26 19:45:35 Latest version is 1.8.9
2025-03-26 19:45:35 App is up to date.
2025-03-26 20:45:35 Checking for update using Github
2025-03-26 20:45:35 Success.
2025-03-26 20:45:35 Latest version is 1.8.9
2025-03-26 20:45:35 App is up to date.
2025-03-31 13:25:40 Loading main app package /usr/lib/obsidian/obsidian.asar
2025-03-31 13:25:40 Checking for update using Github
2025-03-31 13:25:40 Success.
2025-03-31 13:25:40 Latest version is 1.8.9
2025-03-31 13:25:40 App is up to date.
2025-03-31 14:25:40 Checking for update using Github
2025-03-31 14:25:40 Success.
2025-03-31 14:25:40 Latest version is 1.8.9
2025-03-31 14:25:40 App is up to date.
2025-03-31 15:25:40 Checking for update using Github
2025-03-31 15:25:40 Success.
2025-03-31 15:25:40 Latest version is 1.8.9
2025-03-31 15:25:40 App is up to date.
2025-03-31 16:25:32 Loading main app package /usr/lib/obsidian/obsidian.asar
2025-03-31 16:25:32 Checking for update using Github
2025-03-31 16:25:32 Success.
2025-03-31 16:25:32 Latest version is 1.8.9
2025-03-31 16:25:32 App is up to date.
2025-03-31 16:33:17 Loading main app package /usr/lib/obsidian/obsidian.asar
2025-03-31 16:33:17 Checking for update using Github
2025-03-31 16:33:17 Success.
2025-03-31 16:33:17 Latest version is 1.8.9
2025-03-31 16:33:17 App is up to date.
2025-03-31 17:33:17 Checking for update using Github
2025-03-31 17:33:17 Success.
2025-03-31 17:33:17 Latest version is 1.8.9
2025-03-31 17:33:17 App is up to date.
2025-03-31 18:33:17 Checking for update using Github
2025-03-31 18:33:17 Success.
2025-03-31 18:33:17 Latest version is 1.8.9
2025-03-31 18:33:17 App is up to date.
2025-03-31 19:33:17 Checking for update using Github
2025-03-31 19:33:17 Success.
2025-03-31 19:33:17 Latest version is 1.8.9
2025-03-31 19:33:17 App is up to date.
2025-03-31 20:33:17 Checking for update using Github
2025-03-31 20:33:17 Success.
2025-03-31 20:33:17 Latest version is 1.8.9
2025-03-31 20:33:17 App is up to date.
2025-04-01 16:08:46 Loading main app package /usr/lib/obsidian/obsidian.asar
2025-04-01 16:08:47 Checking for update using Github
2025-04-01 16:08:47 Success.
2025-04-01 16:08:47 Latest version is 1.8.9
2025-04-01 16:08:47 App is up to date.
2025-04-01 16:20:19 Loading main app package /usr/lib/obsidian/obsidian.asar
2025-04-01 16:20:20 Checking for update using Github
2025-04-01 16:20:20 Success.
2025-04-01 16:20:20 Latest version is 1.8.9
2025-04-01 16:20:20 App is up to date.
2025-04-01 17:20:19 Checking for update using Github
2025-04-01 17:20:20 Success.
2025-04-01 17:20:20 Latest version is 1.8.9
2025-04-01 17:20:20 App is up to date.
2025-04-01 18:20:19 Checking for update using Github
2025-04-01 18:20:20 Success.
2025-04-01 18:20:20 Latest version is 1.8.9
2025-04-01 18:20:20 App is up to date.
2025-04-02 09:03:40 Loading main app package /usr/lib/obsidian/obsidian.asar
2025-04-02 09:03:40 Checking for update using Github
2025-04-02 09:03:40 Success.
2025-04-02 09:03:40 Latest version is 1.8.9
2025-04-02 09:03:40 App is up to date.
2025-04-02 10:03:40 Checking for update using Github
2025-04-02 10:03:40 Success.
2025-04-02 10:03:40 Latest version is 1.8.9
2025-04-02 10:03:40 App is up to date.
2025-04-02 11:03:40 Checking for update using Github
2025-04-02 11:03:40 Success.
2025-04-02 11:03:40 Latest version is 1.8.9
2025-04-02 11:03:40 App is up to date.
2025-04-02 15:29:40 Loading main app package /usr/lib/obsidian/obsidian.asar
2025-04-02 15:29:40 Checking for update using Github
2025-04-02 15:29:40 Success.
2025-04-02 15:29:40 Latest version is 1.8.9
2025-04-02 15:29:40 App is up to date.
2025-04-02 16:29:40 Checking for update using Github
2025-04-02 16:29:40 Success.
2025-04-02 16:29:40 Latest version is 1.8.9
2025-04-02 16:29:40 App is up to date.
2025-04-07 13:25:25 Loading main app package /usr/lib/obsidian/obsidian.asar
2025-04-07 13:25:25 Checking for update using Github
2025-04-07 13:25:25 Success.
2025-04-07 13:25:25 Latest version is 1.8.9
2025-04-07 13:25:25 App is up to date.
2025-04-07 14:25:25 Checking for update using Github
2025-04-07 14:25:25 Success.
2025-04-07 14:25:25 Latest version is 1.8.9
2025-04-07 14:25:25 App is up to date.
2025-04-07 15:25:25 Checking for update using Github
2025-04-07 15:25:25 Success.
2025-04-07 15:25:25 Latest version is 1.8.9
2025-04-07 15:25:25 App is up to date.
2025-04-07 16:25:25 Checking for update using Github
2025-04-07 16:25:25 Success.
2025-04-07 16:25:25 Latest version is 1.8.9
2025-04-07 16:25:25 App is up to date.
2025-04-09 17:35:37 Loading main app package /usr/lib/obsidian/obsidian.asar
2025-04-09 17:35:37 Checking for update using Github
2025-04-09 17:35:37 Success.
2025-04-09 17:35:37 Latest version is 1.8.9
2025-04-09 17:35:37 App is up to date.
2025-04-09 18:35:37 Checking for update using Github
2025-04-09 18:35:37 Success.
2025-04-09 18:35:37 Latest version is 1.8.9
2025-04-09 18:35:37 App is up to date.
2025-04-09 19:35:37 Checking for update using Github
2025-04-09 19:35:37 Success.
2025-04-09 19:35:37 Latest version is 1.8.9
2025-04-09 19:35:37 App is up to date.
2025-04-09 20:35:37 Checking for update using Github
2025-04-09 20:35:37 Success.
2025-04-09 20:35:37 Latest version is 1.8.9
2025-04-09 20:35:37 App is up to date.
2025-04-09 21:35:37 Checking for update using Github
2025-04-09 21:35:37 Success.
2025-04-09 21:35:37 Latest version is 1.8.9
2025-04-09 21:35:37 App is up to date.
2025-04-11 17:53:54 Loading main app package /usr/lib/obsidian/obsidian.asar
2025-04-11 17:53:55 Checking for update using Github
2025-04-11 17:53:55 Success.
2025-04-11 17:53:55 Latest version is 1.8.9
2025-04-11 17:53:55 App is up to date.
2025-04-11 18:53:54 Checking for update using Github
2025-04-11 18:53:54 Success.
2025-04-11 18:53:54 Latest version is 1.8.9
2025-04-11 18:53:54 App is up to date.
2025-04-11 19:53:54 Checking for update using Github
2025-04-11 19:53:54 Success.
2025-04-11 19:53:54 Latest version is 1.8.9
2025-04-11 19:53:54 App is up to date.
2025-04-11 20:53:54 Checking for update using Github
2025-04-11 20:53:54 Success.
2025-04-11 20:53:54 Latest version is 1.8.9
2025-04-11 20:53:54 App is up to date.
2025-04-11 21:53:54 Checking for update using Github
2025-04-11 21:53:54 Success.
2025-04-11 21:53:54 Latest version is 1.8.9
2025-04-11 21:53:54 App is up to date.
2025-04-11 22:53:54 Checking for update using Github
2025-04-11 22:53:54 Success.
2025-04-11 22:53:54 Latest version is 1.8.9
2025-04-11 22:53:54 App is up to date.
2025-04-12 11:20:42 Loading main app package /usr/lib/obsidian/obsidian.asar
2025-04-12 11:20:42 Checking for update using Github
2025-04-12 11:20:42 Success.
2025-04-12 11:20:42 Latest version is 1.8.9
2025-04-12 11:20:42 App is up to date.
2025-04-12 15:04:48 Loading main app package /usr/lib/obsidian/obsidian.asar
2025-04-12 15:04:48 Checking for update using Github
2025-04-12 15:04:48 Success.
2025-04-12 15:04:48 Latest version is 1.8.9
2025-04-12 15:04:48 App is up to date.
2025-04-12 16:04:48 Checking for update using Github
2025-04-12 16:04:48 Success.
2025-04-12 16:04:48 Latest version is 1.8.9
2025-04-12 16:04:48 App is up to date.
2025-04-12 17:04:48 Checking for update using Github
2025-04-12 17:04:48 Success.
2025-04-12 17:04:48 Latest version is 1.8.9
2025-04-12 17:04:48 App is up to date.
2025-04-13 07:34:49 Loading main app package /usr/lib/obsidian/obsidian.asar
2025-04-13 07:34:50 Checking for update using Github
2025-04-13 07:34:50 Success.
2025-04-13 07:34:50 Latest version is 1.8.9
2025-04-13 07:34:50 App is up to date.
2025-04-13 08:34:49 Checking for update using Github
2025-04-13 08:34:49 Success.
2025-04-13 08:34:49 Latest version is 1.8.9
2025-04-13 08:34:49 App is up to date.
2025-04-13 09:34:49 Checking for update using Github
2025-04-13 09:34:49 Success.
2025-04-13 09:34:49 Latest version is 1.8.9
2025-04-13 09:34:49 App is up to date.
2025-04-13 10:34:49 Checking for update using Github
2025-04-13 10:34:49 Success.
2025-04-13 10:34:49 Latest version is 1.8.9
2025-04-13 10:34:49 App is up to date.
2025-04-13 11:34:49 Checking for update using Github
2025-04-13 11:34:49 Success.
2025-04-13 11:34:49 Latest version is 1.8.9
2025-04-13 11:34:49 App is up to date.
2025-04-13 12:34:49 Checking for update using Github
2025-04-13 12:34:50 Success.
2025-04-13 12:34:50 Latest version is 1.8.9
2025-04-13 12:34:50 App is up to date.
2025-04-13 13:15:35 Loading main app package /usr/lib/obsidian/obsidian.asar
2025-04-13 13:15:35 Checking for update using Github
2025-04-13 13:16:14 Loading main app package /usr/lib/obsidian/obsidian.asar
2025-04-13 13:16:14 Checking for update using Github
2025-04-13 13:34:49 Checking for update using Github
2025-04-13 13:34:50 Success.
2025-04-13 13:34:50 Latest version is 1.8.9
2025-04-13 13:34:50 App is up to date.
2025-04-13 14:34:49 Checking for update using Github
2025-04-13 14:34:49 Success.
2025-04-13 14:34:49 Latest version is 1.8.9
2025-04-13 14:34:49 App is up to date.
2025-04-13 19:38:09 Loading main app package /usr/lib/obsidian/obsidian.asar
2025-04-13 19:38:09 Checking for update using Github
2025-04-13 19:38:09 Success.
2025-04-13 19:38:09 Latest version is 1.8.9
2025-04-13 19:38:09 App is up to date.
2025-04-14 12:17:29 Loading main app package /usr/lib/obsidian/obsidian.asar
2025-04-14 12:17:29 Checking for update using Github
2025-04-14 12:17:29 Success.
2025-04-14 12:17:29 Latest version is 1.8.9
2025-04-14 12:17:29 App is up to date.
2025-04-14 13:17:29 Checking for update using Github
2025-04-14 13:17:29 Success.
2025-04-14 13:17:29 Latest version is 1.8.9
2025-04-14 13:17:29 App is up to date.
2025-04-14 14:17:29 Checking for update using Github
2025-04-14 14:17:29 Success.
2025-04-14 14:17:29 Latest version is 1.8.9
2025-04-14 14:17:29 App is up to date.
2025-04-14 15:17:29 Checking for update using Github
2025-04-14 15:17:29 Success.
2025-04-14 15:17:29 Latest version is 1.8.9
2025-04-14 15:17:29 App is up to date.
2025-04-14 16:17:29 Checking for update using Github
2025-04-14 16:17:29 Success.
2025-04-14 16:17:29 Latest version is 1.8.9
2025-04-14 16:17:29 App is up to date.
2025-04-15 16:50:46 Loading main app package /usr/lib/obsidian/obsidian.asar
2025-04-15 16:50:46 Checking for update using Github
2025-04-15 16:50:46 Success.
2025-04-15 16:50:46 Latest version is 1.8.9
2025-04-15 16:50:46 App is up to date.
2025-04-15 17:50:46 Checking for update using Github
2025-04-15 17:50:46 Success.
2025-04-15 17:50:46 Latest version is 1.8.9
2025-04-15 17:50:46 App is up to date.
2025-04-15 18:50:46 Checking for update using Github
2025-04-15 18:50:46 Success.
2025-04-15 18:50:46 Latest version is 1.8.9
2025-04-15 18:50:46 App is up to date.
2025-04-15 19:50:46 Checking for update using Github
2025-04-15 19:50:46 Success.
2025-04-15 19:50:46 Latest version is 1.8.9
2025-04-15 19:50:46 App is up to date.
2025-04-16 08:46:05 Loading main app package /usr/lib/obsidian/obsidian.asar
2025-04-16 08:46:05 Checking for update using Github
2025-04-16 08:46:06 Success.
2025-04-16 08:46:06 Latest version is 1.8.9
2025-04-16 08:46:06 App is up to date.
2025-04-16 13:44:08 Loading main app package /usr/lib/obsidian/obsidian.asar
2025-04-16 13:44:08 Checking for update using Github
2025-04-16 13:44:08 Success.
2025-04-16 13:44:08 Latest version is 1.8.9
2025-04-16 13:44:08 App is up to date.
2025-04-16 14:44:08 Checking for update using Github
2025-04-16 14:44:08 Success.
2025-04-16 14:44:08 Latest version is 1.8.9
2025-04-16 14:44:08 App is up to date.
2025-04-16 15:44:08 Checking for update using Github
2025-04-16 15:44:08 Success.
2025-04-16 15:44:08 Latest version is 1.8.9
2025-04-16 15:44:08 App is up to date.
2025-04-16 16:44:08 Checking for update using Github
2025-04-16 16:44:08 Success.
2025-04-16 16:44:08 Latest version is 1.8.9
2025-04-16 16:44:08 App is up to date.
2025-04-16 17:44:08 Checking for update using Github
2025-04-16 17:44:08 Success.
2025-04-16 17:44:08 Latest version is 1.8.9
2025-04-16 17:44:08 App is up to date.
2025-04-17 12:13:20 Loading main app package /usr/lib/obsidian/obsidian.asar
2025-04-17 12:13:20 Checking for update using Github
2025-04-17 12:13:20 Success.
2025-04-17 12:13:20 Latest version is 1.8.9
2025-04-17 12:13:20 App is up to date.
2025-04-22 08:46:06 Loading main app package /usr/lib/obsidian/obsidian.asar
2025-04-22 08:46:07 Checking for update using Github
2025-04-22 08:46:07 Success.
2025-04-22 08:46:07 Latest version is 1.8.9
2025-04-22 08:46:07 App is up to date.
2025-04-22 11:26:10 Loading main app package /usr/lib/obsidian/obsidian.asar
2025-04-22 11:26:10 Checking for update using Github
2025-04-22 11:26:10 Success.
2025-04-22 11:26:10 Latest version is 1.8.9
2025-04-22 11:26:10 App is up to date.
2025-04-22 12:26:10 Checking for update using Github
2025-04-22 12:26:10 Success.
2025-04-22 12:26:10 Latest version is 1.8.9
2025-04-22 12:26:10 App is up to date.
2025-04-22 19:51:15 Loading main app package /usr/lib/obsidian/obsidian.asar
2025-04-22 19:51:15 Checking for update using Github
2025-04-22 19:51:16 Success.
2025-04-22 19:51:16 Latest version is 1.8.10
2025-04-22 19:51:16 Downloading update from https://github.com/obsidianmd/obsidian-releases/releases/download/v1.8.10/obsidian-1.8.10.asar.gz
2025-04-22 19:51:16 Verifying hash & signature. Size= 8128788
2025-04-22 19:51:16 Saving file
2025-04-22 19:51:17 Update complete.
2025-04-22 20:51:15 Checking for update using Github
2025-04-22 20:51:15 Success.
2025-04-22 20:51:15 Latest version is 1.8.10
2025-04-22 20:51:15 An update is already downloaded.
2025-04-23 07:46:12 Loading updated app package /home/haida/.config/obsidian/obsidian-1.8.10.asar
2025-04-23 07:46:12 Checking for update using Github
2025-04-23 07:46:12 Success.
2025-04-23 07:46:12 Latest version is 1.8.10
2025-04-23 07:46:12 App is up to date.
2025-04-23 08:46:12 Checking for update using Github
2025-04-23 08:46:12 Success.
2025-04-23 08:46:12 Latest version is 1.8.10
2025-04-23 08:46:12 App is up to date.
2025-04-23 09:46:12 Checking for update using Github
2025-04-23 09:46:12 Success.
2025-04-23 09:46:12 Latest version is 1.8.10
2025-04-23 09:46:12 App is up to date.
2025-04-23 14:56:59 Loading updated app package /home/haida/.config/obsidian/obsidian-1.8.10.asar
2025-04-23 14:56:59 Checking for update using Github
2025-04-23 14:56:59 Success.
2025-04-23 14:56:59 Latest version is 1.8.10
2025-04-23 14:56:59 App is up to date.
2025-04-23 15:56:59 Checking for update using Github
2025-04-23 15:56:59 Success.
2025-04-23 15:56:59 Latest version is 1.8.10
2025-04-23 15:56:59 App is up to date.
2025-04-23 16:56:59 Checking for update using Github
2025-04-23 16:56:59 Success.
2025-04-23 16:56:59 Latest version is 1.8.10
2025-04-23 16:56:59 App is up to date.
2025-04-23 18:58:42 Loading updated app package /home/haida/.config/obsidian/obsidian-1.8.10.asar
2025-04-23 18:58:42 Checking for update using Github
2025-04-23 18:58:42 Success.
2025-04-23 18:58:42 Latest version is 1.8.10
2025-04-23 18:58:42 App is up to date.
2025-04-23 20:04:07 Loading main app package /usr/lib/obsidian/obsidian.asar
2025-04-23 20:04:08 Checking for update using Github
2025-04-23 20:04:08 Success.
2025-04-23 20:04:08 Latest version is 1.8.10
2025-04-23 20:04:08 App is up to date.
2025-04-24 07:03:29 Loading main app package /usr/lib/obsidian/obsidian.asar
2025-04-24 07:03:29 Checking for update using Github
2025-04-24 07:03:29 Success.
2025-04-24 07:03:29 Latest version is 1.8.10
2025-04-24 07:03:29 App is up to date.
2025-04-24 08:03:29 Checking for update using Github
2025-04-24 08:03:29 Success.
2025-04-24 08:03:29 Latest version is 1.8.10
2025-04-24 08:03:29 App is up to date.
2025-04-28 15:41:41 Loading main app package /usr/lib/obsidian/obsidian.asar
2025-04-28 15:41:42 Checking for update using Github
2025-04-28 15:41:42 Success.
2025-04-28 15:41:42 Latest version is 1.8.10
2025-04-28 15:41:42 App is up to date.
2025-04-28 16:41:41 Checking for update using Github
2025-04-28 16:41:42 Success.
2025-04-28 16:41:42 Latest version is 1.8.10
2025-04-28 16:41:42 App is up to date.
2025-04-28 17:41:41 Checking for update using Github
2025-04-28 17:41:42 Success.
2025-04-28 17:41:42 Latest version is 1.8.10
2025-04-28 17:41:42 App is up to date.
2025-04-28 18:41:41 Checking for update using Github
2025-04-28 18:41:42 Success.
2025-04-28 18:41:42 Latest version is 1.8.10
2025-04-28 18:41:42 App is up to date.
2025-04-28 19:41:41 Checking for update using Github
2025-04-28 19:41:42 Success.
2025-04-28 19:41:42 Latest version is 1.8.10
2025-04-28 19:41:42 App is up to date.
2025-04-28 20:41:41 Checking for update using Github
2025-04-28 20:41:41 Success.
2025-04-28 20:41:41 Latest version is 1.8.10
2025-04-28 20:41:41 App is up to date.
2025-04-29 15:43:53 Loading main app package /usr/lib/obsidian/obsidian.asar
2025-04-29 15:43:53 Checking for update using Github
2025-04-29 15:43:54 Success.
2025-04-29 15:43:54 Latest version is 1.8.10
2025-04-29 15:43:54 App is up to date.
2025-04-29 16:43:53 Checking for update using Github
2025-04-29 16:43:53 Success.
2025-04-29 16:43:53 Latest version is 1.8.10
2025-04-29 16:43:53 App is up to date.
2025-04-29 17:43:53 Checking for update using Github
2025-04-29 17:43:54 Success.
2025-04-29 17:43:54 Latest version is 1.8.10
2025-04-29 17:43:54 App is up to date.
2025-04-29 18:43:53 Checking for update using Github
2025-04-29 18:43:53 Success.
2025-04-29 18:43:53 Latest version is 1.8.10
2025-04-29 18:43:53 App is up to date.
2025-04-29 19:43:53 Checking for update using Github
2025-04-29 19:43:53 Success.
2025-04-29 19:43:53 Latest version is 1.8.10
2025-04-29 19:43:53 App is up to date.
2025-04-29 20:43:53 Checking for update using Github
2025-04-29 20:43:53 Success.
2025-04-29 20:43:53 Latest version is 1.8.10
2025-04-29 20:43:53 App is up to date.
2025-04-29 21:37:13 Loading main app package /usr/lib/obsidian/obsidian.asar
2025-04-29 21:37:13 Checking for update using Github
2025-04-29 21:37:26 Loading main app package /usr/lib/obsidian/obsidian.asar
2025-04-29 21:37:26 Checking for update using Github
2025-04-29 21:37:40 Loading main app package /usr/lib/obsidian/obsidian.asar
2025-04-29 21:37:40 Checking for update using Github
2025-04-29 21:38:35 Loading main app package /usr/lib/obsidian/obsidian.asar
2025-04-29 21:38:35 Checking for update using Github
2025-04-29 21:43:53 Checking for update using Github
2025-04-29 21:43:53 Success.
2025-04-29 21:43:53 Latest version is 1.8.10
2025-04-29 21:43:53 App is up to date.
2025-04-30 19:20:21 Loading main app package /usr/lib/obsidian/obsidian.asar
2025-04-30 19:20:22 Checking for update using Github
2025-04-30 19:20:22 Success.
2025-04-30 19:20:22 Latest version is 1.8.10
2025-04-30 19:20:22 App is up to date.
2025-04-30 20:20:21 Checking for update using Github
2025-04-30 20:20:22 Success.
2025-04-30 20:20:22 Latest version is 1.8.10
2025-04-30 20:20:22 App is up to date.
2025-04-30 21:20:21 Checking for update using Github
2025-04-30 21:20:22 Success.
2025-04-30 21:20:22 Latest version is 1.8.10
2025-04-30 21:20:22 App is up to date.
2025-04-30 22:20:21 Checking for update using Github
2025-04-30 22:20:22 Success.
2025-04-30 22:20:22 Latest version is 1.8.10
2025-04-30 22:20:22 App is up to date.
2025-05-02 09:34:49 Loading main app package /usr/lib/obsidian/obsidian.asar
2025-05-02 09:34:49 Checking for update using Github
2025-05-02 09:34:49 Success.
2025-05-02 09:34:49 Latest version is 1.8.10
2025-05-02 09:34:49 App is up to date.
2025-05-02 10:34:49 Checking for update using Github
2025-05-02 10:34:49 Success.
2025-05-02 10:34:49 Latest version is 1.8.10
2025-05-02 10:34:49 App is up to date.
2025-05-02 11:34:49 Checking for update using Github
2025-05-02 11:34:49 Success.
2025-05-02 11:34:49 Latest version is 1.8.10
2025-05-02 11:34:49 App is up to date.
2025-05-02 12:34:49 Checking for update using Github
2025-05-02 12:34:49 Success.
2025-05-02 12:34:49 Latest version is 1.8.10
2025-05-02 12:34:49 App is up to date.
2025-05-02 13:34:49 Checking for update using Github
2025-05-02 13:34:49 Success.
2025-05-02 13:34:49 Latest version is 1.8.10
2025-05-02 13:34:49 App is up to date.
2025-05-02 14:34:49 Checking for update using Github
2025-05-02 14:34:49 Success.
2025-05-02 14:34:49 Latest version is 1.8.10
2025-05-02 14:34:49 App is up to date.
2025-05-02 15:34:49 Checking for update using Github
2025-05-02 15:34:49 Success.
2025-05-02 15:34:49 Latest version is 1.8.10
2025-05-02 15:34:49 App is up to date.
2025-05-02 16:34:49 Checking for update using Github
2025-05-02 16:34:49 Success.
2025-05-02 16:34:49 Latest version is 1.8.10
2025-05-02 16:34:49 App is up to date.
2025-05-02 17:34:49 Checking for update using Github
2025-05-02 17:34:49 Success.
2025-05-02 17:34:49 Latest version is 1.8.10
2025-05-02 17:34:49 App is up to date.
2025-05-02 18:34:49 Checking for update using Github
2025-05-02 18:34:49 Success.
2025-05-02 18:34:49 Latest version is 1.8.10
2025-05-02 18:34:49 App is up to date.
2025-05-02 19:34:49 Checking for update using Github
2025-05-02 19:34:49 Success.
2025-05-02 19:34:49 Latest version is 1.8.10
2025-05-02 19:34:49 App is up to date.
2025-05-02 20:34:49 Checking for update using Github
2025-05-02 20:34:49 Success.
2025-05-02 20:34:49 Latest version is 1.8.10
2025-05-02 20:34:49 App is up to date.
2025-05-02 21:34:49 Checking for update using Github
2025-05-02 21:34:49 Success.
2025-05-02 21:34:49 Latest version is 1.8.10
2025-05-02 21:34:49 App is up to date.
2025-05-03 09:56:47 Loading main app package /usr/lib/obsidian/obsidian.asar
2025-05-03 09:56:47 Checking for update using Github
2025-05-03 09:56:47 Success.
2025-05-03 09:56:47 Latest version is 1.8.10
2025-05-03 09:56:47 App is up to date.
2025-05-03 10:56:47 Checking for update using Github
2025-05-03 10:56:47 Success.
2025-05-03 10:56:47 Latest version is 1.8.10
2025-05-03 10:56:47 App is up to date.
2025-05-03 11:56:47 Checking for update using Github
2025-05-03 11:56:47 Success.
2025-05-03 11:56:47 Latest version is 1.8.10
2025-05-03 11:56:47 App is up to date.
2025-05-03 12:56:47 Checking for update using Github
2025-05-03 12:56:47 Success.
2025-05-03 12:56:47 Latest version is 1.8.10
2025-05-03 12:56:47 App is up to date.
2025-05-03 13:56:47 Checking for update using Github
2025-05-03 13:56:47 Success.
2025-05-03 13:56:47 Latest version is 1.8.10
2025-05-03 13:56:47 App is up to date.
2025-05-03 14:56:47 Checking for update using Github
2025-05-03 14:56:47 Success.
2025-05-03 14:56:47 Latest version is 1.8.10
2025-05-03 14:56:47 App is up to date.
2025-05-04 15:44:56 Loading main app package /usr/lib/obsidian/obsidian.asar
2025-05-04 15:44:57 Checking for update using Github
2025-05-04 15:44:57 Success.
2025-05-04 15:44:57 Latest version is 1.8.10
2025-05-04 15:44:57 App is up to date.
2025-05-04 16:44:56 Checking for update using Github
2025-05-04 16:44:56 Success.
2025-05-04 16:44:56 Latest version is 1.8.10
2025-05-04 16:44:56 App is up to date.
2025-05-04 17:44:56 Checking for update using Github
2025-05-04 17:44:56 Success.
2025-05-04 17:44:56 Latest version is 1.8.10
2025-05-04 17:44:56 App is up to date.
2025-05-04 18:44:56 Checking for update using Github
2025-05-04 18:44:56 Success.
2025-05-04 18:44:56 Latest version is 1.8.10
2025-05-04 18:44:56 App is up to date.
2025-05-04 19:44:56 Checking for update using Github
2025-05-04 19:44:56 Success.
2025-05-04 19:44:56 Latest version is 1.8.10
2025-05-04 19:44:56 App is up to date.
2025-05-04 20:44:56 Checking for update using Github
2025-05-04 20:44:57 Success.
2025-05-04 20:44:57 Latest version is 1.8.10
2025-05-04 20:44:57 App is up to date.
2025-05-04 21:44:56 Checking for update using Github
2025-05-04 21:44:56 Success.
2025-05-04 21:44:56 Latest version is 1.8.10
2025-05-04 21:44:56 App is up to date.
2025-05-04 22:44:56 Checking for update using Github
2025-05-04 22:44:56 Success.
2025-05-04 22:44:56 Latest version is 1.8.10
2025-05-04 22:44:56 App is up to date.
2025-05-05 09:17:08 Loading main app package /usr/lib/obsidian/obsidian.asar
2025-05-05 09:17:08 Checking for update using Github
2025-05-05 09:17:08 Success.
2025-05-05 09:17:08 Latest version is 1.8.10
2025-05-05 09:17:08 App is up to date.
2025-05-05 10:17:08 Checking for update using Github
2025-05-05 10:17:08 Success.
2025-05-05 10:17:08 Latest version is 1.8.10
2025-05-05 10:17:08 App is up to date.
2025-05-05 11:17:08 Checking for update using Github
2025-05-05 11:17:08 Success.
2025-05-05 11:17:08 Latest version is 1.8.10
2025-05-05 11:17:08 App is up to date.
2025-05-05 14:45:19 Loading main app package /usr/lib/obsidian/obsidian.asar
2025-05-05 14:45:19 Checking for update using Github
2025-05-05 14:45:19 Success.
2025-05-05 14:45:19 Latest version is 1.8.10
2025-05-05 14:45:19 App is up to date.
2025-05-05 15:45:19 Checking for update using Github
2025-05-05 15:45:19 Success.
2025-05-05 15:45:19 Latest version is 1.8.10
2025-05-05 15:45:19 App is up to date.
2025-05-05 16:45:19 Checking for update using Github
2025-05-05 16:45:19 Success.
2025-05-05 16:45:19 Latest version is 1.8.10
2025-05-05 16:45:19 App is up to date.
2025-05-06 19:33:27 Loading main app package /usr/lib/obsidian/obsidian.asar
2025-05-06 19:33:27 Checking for update using Github
2025-05-06 19:33:27 Success.
2025-05-06 19:33:27 Latest version is 1.8.10
2025-05-06 19:33:27 App is up to date.
2025-05-06 20:33:27 Checking for update using Github
2025-05-06 20:33:27 Success.
2025-05-06 20:33:27 Latest version is 1.8.10
2025-05-06 20:33:27 App is up to date.
2025-05-06 21:33:27 Checking for update using Github
2025-05-06 21:33:27 Success.
2025-05-06 21:33:27 Latest version is 1.8.10
2025-05-06 21:33:27 App is up to date.
2025-05-06 22:33:27 Checking for update using Github
2025-05-06 22:33:27 Success.
2025-05-06 22:33:27 Latest version is 1.8.10
2025-05-06 22:33:27 App is up to date.
2025-05-07 11:36:08 Loading main app package /usr/lib/obsidian/obsidian.asar
2025-05-07 11:36:08 Checking for update using Github
2025-05-07 11:36:08 Success.
2025-05-07 11:36:08 Latest version is 1.8.10
2025-05-07 11:36:08 App is up to date.
2025-05-07 12:36:08 Checking for update using Github
2025-05-07 12:36:08 Success.
2025-05-07 12:36:08 Latest version is 1.8.10
2025-05-07 12:36:08 App is up to date.
2025-05-07 13:36:08 Checking for update using Github
2025-05-07 13:36:08 Success.
2025-05-07 13:36:08 Latest version is 1.8.10
2025-05-07 13:36:08 App is up to date.
2025-05-07 14:36:08 Checking for update using Github
2025-05-07 14:36:08 Success.
2025-05-07 14:36:08 Latest version is 1.8.10
2025-05-07 14:36:08 App is up to date.
2025-05-07 15:36:08 Checking for update using Github
2025-05-07 15:36:08 Success.
2025-05-07 15:36:08 Latest version is 1.8.10
2025-05-07 15:36:08 App is up to date.
2025-05-08 20:21:31 Loading main app package /usr/lib/obsidian/obsidian.asar
2025-05-08 20:21:31 Checking for update using Github
2025-05-08 20:21:31 Success.
2025-05-08 20:21:31 Latest version is 1.8.10
2025-05-08 20:21:31 App is up to date.
2025-05-09 09:22:49 Loading main app package /usr/lib/obsidian/obsidian.asar
2025-05-09 09:22:49 Checking for update using Github
2025-05-09 09:22:50 Success.
2025-05-09 09:22:50 Latest version is 1.8.10
2025-05-09 09:22:50 App is up to date.
2025-05-09 10:22:49 Checking for update using Github
2025-05-09 10:22:49 Success.
2025-05-09 10:22:49 Latest version is 1.8.10
2025-05-09 10:22:49 App is up to date.
2025-05-09 11:04:44 Loading main app package /usr/lib/obsidian/obsidian.asar
2025-05-09 11:04:45 Checking for update using Github
2025-05-09 11:04:45 Success.
2025-05-09 11:04:45 Latest version is 1.8.10
2025-05-09 11:04:45 App is up to date.
2025-05-09 12:04:44 Checking for update using Github
2025-05-09 12:04:45 Success.
2025-05-09 12:04:45 Latest version is 1.8.10
2025-05-09 12:04:45 App is up to date.
2025-05-09 13:04:44 Checking for update using Github
2025-05-09 13:04:44 Success.
2025-05-09 13:04:44 Latest version is 1.8.10
2025-05-09 13:04:44 App is up to date.
2025-05-09 14:04:44 Checking for update using Github
2025-05-09 14:04:44 Success.
2025-05-09 14:04:44 Latest version is 1.8.10
2025-05-09 14:04:44 App is up to date.
2025-05-09 15:05:24 Loading main app package /usr/lib/obsidian/obsidian.asar
2025-05-09 15:05:25 Checking for update using Github
2025-05-09 15:05:25 Success.
2025-05-09 15:05:25 Latest version is 1.8.10
2025-05-09 15:05:25 App is up to date.
2025-05-09 16:05:24 Checking for update using Github
2025-05-09 16:05:24 Success.
2025-05-09 16:05:24 Latest version is 1.8.10
2025-05-09 16:05:24 App is up to date.
2025-05-09 17:05:24 Checking for update using Github
2025-05-09 17:05:24 Success.
2025-05-09 17:05:24 Latest version is 1.8.10
2025-05-09 17:05:24 App is up to date.
2025-05-09 18:05:24 Checking for update using Github
2025-05-09 18:05:24 Success.
2025-05-09 18:05:24 Latest version is 1.8.10
2025-05-09 18:05:24 App is up to date.
2025-05-09 19:05:24 Checking for update using Github
2025-05-09 19:05:25 Success.
2025-05-09 19:05:25 Latest version is 1.8.10
2025-05-09 19:05:25 App is up to date.
2025-05-09 20:05:24 Checking for update using Github
2025-05-09 20:05:24 Success.
2025-05-09 20:05:24 Latest version is 1.8.10
2025-05-09 20:05:24 App is up to date.
2025-05-10 07:17:21 Loading main app package /usr/lib/obsidian/obsidian.asar
2025-05-10 07:17:22 Checking for update using Github
2025-05-10 07:17:22 Success.
2025-05-10 07:17:22 Latest version is 1.8.10
2025-05-10 07:17:22 App is up to date.
2025-05-10 07:41:41 Loading main app package /usr/lib/obsidian/obsidian.asar
2025-05-10 07:41:41 Checking for update using Github
2025-05-10 07:41:41 Success.
2025-05-10 07:41:41 Latest version is 1.8.10
2025-05-10 07:41:41 App is up to date.
2025-05-10 08:41:40 Checking for update using Github
2025-05-10 08:41:40 Success.
2025-05-10 08:41:40 Latest version is 1.8.10
2025-05-10 08:41:40 App is up to date.
2025-05-10 09:41:40 Checking for update using Github
2025-05-10 09:41:40 Success.
2025-05-10 09:41:40 Latest version is 1.8.10
2025-05-10 09:41:40 App is up to date.
2025-05-10 14:50:16 Loading main app package /usr/lib/obsidian/obsidian.asar
2025-05-10 14:50:16 Checking for update using Github
2025-05-10 14:50:16 Success.
2025-05-10 14:50:16 Latest version is 1.8.10
2025-05-10 14:50:16 App is up to date.
2025-05-10 15:50:16 Checking for update using Github
2025-05-10 15:50:16 Success.
2025-05-10 15:50:16 Latest version is 1.8.10
2025-05-10 15:50:16 App is up to date.
2025-05-10 16:50:16 Checking for update using Github
2025-05-10 16:50:16 Success.
2025-05-10 16:50:16 Latest version is 1.8.10
2025-05-10 16:50:16 App is up to date.
2025-05-10 17:50:16 Checking for update using Github
2025-05-10 17:50:16 Success.
2025-05-10 17:50:16 Latest version is 1.8.10
2025-05-10 17:50:16 App is up to date.
2025-05-10 20:04:33 Loading main app package /usr/lib/obsidian/obsidian.asar
2025-05-10 20:04:33 Checking for update using Github
2025-05-10 20:04:33 Success.
2025-05-10 20:04:33 Latest version is 1.8.10
2025-05-10 20:04:33 App is up to date.
2025-05-10 21:04:33 Checking for update using Github
2025-05-10 21:04:33 Success.
2025-05-10 21:04:33 Latest version is 1.8.10
2025-05-10 21:04:33 App is up to date.
2025-05-11 08:48:39 Loading main app package /usr/lib/obsidian/obsidian.asar
2025-05-11 08:48:40 Checking for update using Github
2025-05-11 08:48:40 Success.
2025-05-11 08:48:40 Latest version is 1.8.10
2025-05-11 08:48:40 App is up to date.
2025-05-11 09:48:39 Checking for update using Github
2025-05-11 09:48:39 Success.
2025-05-11 09:48:39 Latest version is 1.8.10
2025-05-11 09:48:39 App is up to date.
2025-05-11 10:48:39 Checking for update using Github
2025-05-11 10:48:39 Success.
2025-05-11 10:48:39 Latest version is 1.8.10
2025-05-11 10:48:39 App is up to date.
2025-05-11 11:48:39 Checking for update using Github
2025-05-11 11:48:39 Success.
2025-05-11 11:48:39 Latest version is 1.8.10
2025-05-11 11:48:39 App is up to date.
2025-05-11 12:48:39 Checking for update using Github
2025-05-11 12:48:39 Success.
2025-05-11 12:48:39 Latest version is 1.8.10
2025-05-11 12:48:39 App is up to date.
2025-05-11 13:48:39 Checking for update using Github
2025-05-11 13:48:39 Success.
2025-05-11 13:48:39 Latest version is 1.8.10
2025-05-11 13:48:39 App is up to date.
2025-05-11 14:22:53 Loading main app package /usr/lib/obsidian/obsidian.asar
2025-05-11 14:22:53 Checking for update using Github
2025-05-11 14:22:53 Success.
2025-05-11 14:22:53 Latest version is 1.8.10
2025-05-11 14:22:53 App is up to date.
2025-05-11 15:22:53 Checking for update using Github
2025-05-11 15:22:53 Success.
2025-05-11 15:22:53 Latest version is 1.8.10
2025-05-11 15:22:53 App is up to date.
2025-05-11 16:22:53 Checking for update using Github
2025-05-11 16:22:53 Success.
2025-05-11 16:22:53 Latest version is 1.8.10
2025-05-11 16:22:53 App is up to date.
2025-05-11 17:22:53 Checking for update using Github
2025-05-11 17:22:53 Success.
2025-05-11 17:22:53 Latest version is 1.8.10
2025-05-11 17:22:53 App is up to date.
2025-05-11 18:22:53 Checking for update using Github
2025-05-11 18:22:53 Success.
2025-05-11 18:22:53 Latest version is 1.8.10
2025-05-11 18:22:53 App is up to date.
2025-05-12 08:10:58 Loading main app package /usr/lib/obsidian/obsidian.asar
2025-05-12 08:10:58 Checking for update using Github
2025-05-12 08:10:58 Success.
2025-05-12 08:10:58 Latest version is 1.8.10
2025-05-12 08:10:58 App is up to date.
2025-05-12 09:10:58 Checking for update using Github
2025-05-12 09:10:58 Success.
2025-05-12 09:10:58 Latest version is 1.8.10
2025-05-12 09:10:58 App is up to date.
2025-05-12 10:10:58 Checking for update using Github
2025-05-12 10:10:58 Success.
2025-05-12 10:10:58 Latest version is 1.8.10
2025-05-12 10:10:58 App is up to date.
2025-05-12 11:59:33 Loading main app package /usr/lib/obsidian/obsidian.asar
2025-05-12 11:59:33 Checking for update using Github
2025-05-12 11:59:33 Success.
2025-05-12 11:59:33 Latest version is 1.8.10
2025-05-12 11:59:33 App is up to date.
2025-05-12 14:31:06 Loading main app package /usr/lib/obsidian/obsidian.asar
2025-05-12 14:31:07 Checking for update using Github
2025-05-12 14:31:07 Success.
2025-05-12 14:31:07 Latest version is 1.8.10
2025-05-12 14:31:07 App is up to date.
2025-05-12 15:31:06 Checking for update using Github
2025-05-12 15:31:06 Success.
2025-05-12 15:31:06 Latest version is 1.8.10
2025-05-12 15:31:06 App is up to date.
2025-05-12 16:31:06 Checking for update using Github
2025-05-12 16:31:06 Success.
2025-05-12 16:31:06 Latest version is 1.8.10
2025-05-12 16:31:06 App is up to date.
2025-05-12 17:31:06 Checking for update using Github
2025-05-12 17:31:06 Success.
2025-05-12 17:31:06 Latest version is 1.8.10
2025-05-12 17:31:06 App is up to date.
2025-05-12 18:31:06 Checking for update using Github
2025-05-12 18:31:06 Success.
2025-05-12 18:31:06 Latest version is 1.8.10
2025-05-12 18:31:06 App is up to date.
2025-05-12 19:31:06 Checking for update using Github
2025-05-12 19:31:06 Success.
2025-05-12 19:31:06 Latest version is 1.8.10
2025-05-12 19:31:06 App is up to date.
2025-05-12 20:31:06 Checking for update using Github
2025-05-12 20:31:06 Success.
2025-05-12 20:31:06 Latest version is 1.8.10
2025-05-12 20:31:06 App is up to date.
2025-05-13 16:56:23 Loading main app package /usr/lib/obsidian/obsidian.asar
2025-05-13 16:56:24 Checking for update using Github
2025-05-13 16:56:24 Success.
2025-05-13 16:56:24 Latest version is 1.8.10
2025-05-13 16:56:24 App is up to date.
2025-05-13 17:56:23 Checking for update using Github
2025-05-13 17:56:23 Success.
2025-05-13 17:56:23 Latest version is 1.8.10
2025-05-13 17:56:23 App is up to date.
2025-05-13 18:56:23 Checking for update using Github
2025-05-13 18:56:23 Success.
2025-05-13 18:56:23 Latest version is 1.8.10
2025-05-13 18:56:23 App is up to date.
2025-05-13 20:16:49 Loading main app package /usr/lib/obsidian/obsidian.asar
2025-05-13 20:16:49 Checking for update using Github
2025-05-13 20:16:49 Success.
2025-05-13 20:16:49 Latest version is 1.8.10
2025-05-13 20:16:49 App is up to date.
2025-05-14 08:59:55 Loading main app package /usr/lib/obsidian/obsidian.asar
2025-05-14 08:59:55 Checking for update using Github
2025-05-14 08:59:55 Success.
2025-05-14 08:59:55 Latest version is 1.8.10
2025-05-14 08:59:55 App is up to date.
2025-05-14 09:59:55 Checking for update using Github
2025-05-14 09:59:55 Success.
2025-05-14 09:59:55 Latest version is 1.8.10
2025-05-14 09:59:55 App is up to date.
2025-05-14 15:23:10 Loading main app package /usr/lib/obsidian/obsidian.asar
2025-05-14 15:23:11 Checking for update using Github
2025-05-14 15:23:11 Success.
2025-05-14 15:23:11 Latest version is 1.8.10
2025-05-14 15:23:11 App is up to date.
2025-05-14 16:23:10 Checking for update using Github
2025-05-14 16:23:10 Success.
2025-05-14 16:23:10 Latest version is 1.8.10
2025-05-14 16:23:10 App is up to date.
2025-05-15 19:20:16 Loading main app package /usr/lib/obsidian/obsidian.asar
2025-05-15 19:20:16 Checking for update using Github
2025-05-15 19:20:16 Success.
2025-05-15 19:20:16 Latest version is 1.8.10
2025-05-15 19:20:16 App is up to date.
2025-05-15 20:20:16 Checking for update using Github
2025-05-15 20:20:16 Success.
2025-05-15 20:20:16 Latest version is 1.8.10
2025-05-15 20:20:16 App is up to date.
2025-05-16 07:31:12 Loading main app package /usr/lib/obsidian/obsidian.asar
2025-05-16 07:31:12 Checking for update using Github
2025-05-16 07:31:12 Success.
2025-05-16 07:31:12 Latest version is 1.8.10
2025-05-16 07:31:12 App is up to date.
2025-05-16 08:31:12 Checking for update using Github
2025-05-16 08:31:12 Success.
2025-05-16 08:31:12 Latest version is 1.8.10
2025-05-16 08:31:12 App is up to date.
2025-05-16 09:31:12 Checking for update using Github
2025-05-16 09:31:12 Success.
2025-05-16 09:31:12 Latest version is 1.8.10
2025-05-16 09:31:12 App is up to date.
2025-05-16 10:31:12 Checking for update using Github
2025-05-16 10:31:12 Success.
2025-05-16 10:31:12 Latest version is 1.8.10
2025-05-16 10:31:12 App is up to date.
2025-05-16 11:31:12 Checking for update using Github
2025-05-16 11:31:12 Success.
2025-05-16 11:31:12 Latest version is 1.8.10
2025-05-16 11:31:12 App is up to date.
2025-05-16 12:31:12 Checking for update using Github
2025-05-16 12:31:12 Success.
2025-05-16 12:31:12 Latest version is 1.8.10
2025-05-16 12:31:12 App is up to date.
2025-05-16 16:20:19 Loading main app package /usr/lib/obsidian/obsidian.asar
2025-05-16 16:20:19 Checking for update using Github
2025-05-16 16:20:19 Success.
2025-05-16 16:20:19 Latest version is 1.8.10
2025-05-16 16:20:19 App is up to date.
2025-05-16 17:20:19 Checking for update using Github
2025-05-16 17:20:19 Success.
2025-05-16 17:20:19 Latest version is 1.8.10
2025-05-16 17:20:19 App is up to date.
2025-05-16 18:20:19 Checking for update using Github
2025-05-16 18:20:19 Success.
2025-05-16 18:20:19 Latest version is 1.8.10
2025-05-16 18:20:19 App is up to date.
2025-05-16 19:20:19 Checking for update using Github
2025-05-16 19:20:20 Success.
2025-05-16 19:20:20 Latest version is 1.8.10
2025-05-16 19:20:20 App is up to date.
2025-05-16 19:58:00 Loading main app package /usr/lib/obsidian/obsidian.asar
2025-05-16 19:58:00 Checking for update using Github
2025-05-16 19:58:00 Success.
2025-05-16 19:58:00 Latest version is 1.8.10
2025-05-16 19:58:00 App is up to date.
2025-05-17 07:49:39 Loading main app package /usr/lib/obsidian/obsidian.asar
2025-05-17 07:49:39 Checking for update using Github
2025-05-17 07:49:39 Success.
2025-05-17 07:49:39 Latest version is 1.8.10
2025-05-17 07:49:39 App is up to date.
